D:/STM32/bajery/kursy/projekty/chip_headers/CMSIS/Include/core_cm4.h:1688:22:__NVIC_EnableIRQ	16	static
../Src/uart.c:27:6:uart2_tx_init	8	static
../Src/uart.c:54:6:uart2_rxtx_init	8	static
../Src/uart.c:90:6:uart2_rx_interrupt_init	8	static
../Src/uart.c:130:6:uart2_read	4	static
../Src/uart.c:138:6:uart2_write	16	static
../Src/uart.c:148:5:__io_putchar	16	static
../Src/uart.c:153:6:dma1_stream6_init	24	static,ignoring_inline_asm
../Src/uart.c:186:17:compute_uart_bd	16	static
../Src/uart.c:190:13:uart_set_baudrate	24	static
